---
source: crates/pixi-build/src/bin/pixi-build-python/python.rs
expression: entry_points.to_string()
---
entry points should be a single key
