---
source: crates/pixi-build-python/src/metadata.rs
expression: generated_recipe.recipe
---
context: {}
package:
  name: foobar
  version: 99.0.0
source: []
build:
  number: ~
  script: "[ ... script ... ]"
  noarch: python
requirements:
  build: []
  host:
    - pip
    - python
  run:
    - boltons
    - python
  run_constraints: []
tests: []
about:
  homepage: "https://example.com"
  license: MIT
  license_file: ~
  summary: A test package
  description: A test package
  documentation: "https://docs.example.com"
  repository: "https://github.com/example/test-package"
extra: ~
