---
source: crates/pixi-build-backend/src/compilers.rs
expression: result
---
- if: win
  then: vs2019
  else: []
- if: osx
  then: clangxx
  else: []
- if: emscripten
  then: emscripten
  else: []
- gxx
