---
source: crates/pixi-build-backend/tests/integration/protocol.rs
expression: conda_metadata
---
packages:
  - name: minimal-package
    version: 1.0.0
    build: hbf21a9e_0
    buildNumber: 0
    subdir: osx-arm64
    depends:
      - boltons
      - python
    constraints: []
    license: ~
    licenseFamily: ~
    noarch: false
    sources:
      boltons:
        Path:
          path: "[redacted]"
inputGlobs: ~
