---
source: crates/pixi-build/src/bin/pixi-build-python/python.rs
expression: entry_points
---
- "spam-cli = spam:main_cli"
