---
source: crates/pixi-build/src/bin/pixi-build-python/python.rs
expression: entry_points.to_string()
---
"failed to parse entry point spam-cli = blablabla: missing module and function separator"
